\BOOKMARK [1][-]{section.1}{\376\377\121\110\167\013\230\171\166\356\133\232\117\115}{}% 1
\BOOKMARK [1][-]{section.2}{\376\377\145\260\142\113\226\005\213\373\215\357\176\277}{}% 2
\BOOKMARK [1][-]{section.3}{\376\377\217\320\210\114\145\271\137\017}{}% 3
\BOOKMARK [2][-]{subsection.3.1}{\376\377\137\000\123\321\152\041\137\017}{section.3}% 4
\BOOKMARK [2][-]{subsection.3.2}{\376\377\123\125\000\040\000J\000A\000R\000\040\152\041\137\017}{section.3}% 5
\BOOKMARK [2][-]{subsection.3.3}{\376\377\000D\000o\000c\000k\000e\000r\000\040\000C\000o\000m\000p\000o\000s\000e\000\040\152\041\137\017}{section.3}% 6
\BOOKMARK [1][-]{section.4}{\376\377\142\200\147\057\150\010\140\073\211\310}{}% 7
\BOOKMARK [1][-]{section.5}{\376\377\166\356\137\125\176\323\147\204}{}% 8
\BOOKMARK [1][-]{section.6}{\376\377\124\016\172\357\124\057\122\250\121\145\123\343}{}% 9
\BOOKMARK [1][-]{section.7}{\376\377\221\115\177\156\122\006\134\102}{}% 10
\BOOKMARK [2][-]{subsection.7.1}{\376\377\236\330\213\244\221\115\177\156}{section.7}% 11
\BOOKMARK [2][-]{subsection.7.2}{\376\377\000S\000t\000a\000n\000d\000a\000l\000o\000n\000e\000\040\221\115\177\156}{section.7}% 12
\BOOKMARK [1][-]{section.8}{\376\377\213\244\213\301\124\214\147\103\226\120\116\073\176\277}{}% 13
\BOOKMARK [2][-]{subsection.8.1}{\376\377\154\350\121\214\124\214\166\173\137\125}{section.8}% 14
\BOOKMARK [2][-]{subsection.8.2}{\376\377\000J\000W\000T\000\040\217\307\156\344\126\150}{section.8}% 15
\BOOKMARK [2][-]{subsection.8.3}{\376\377\116\032\122\241\147\103\226\120}{section.8}% 16
\BOOKMARK [1][-]{section.9}{\376\377\122\115\172\357\176\323\147\204}{}% 17
\BOOKMARK [2][-]{subsection.9.1}{\376\377\213\367\154\102\134\001\210\305}{section.9}% 18
\BOOKMARK [1][-]{section.10}{\376\377\150\070\137\303\116\032\122\241\155\101\172\013}{}% 19
\BOOKMARK [2][-]{subsection.10.1}{\376\377\140\073\155\101\172\013}{section.10}% 20
\BOOKMARK [2][-]{subsection.10.2}{\376\377\167\345\213\306\136\223\122\033\136\372}{section.10}% 21
\BOOKMARK [1][-]{section.11}{\376\377\145\207\150\143\116\012\117\040\124\214\000\040\000E\000T\000L}{}% 22
\BOOKMARK [2][-]{subsection.11.1}{\376\377\116\012\117\040\121\145\123\343}{section.11}% 23
\BOOKMARK [2][-]{subsection.11.2}{\376\377\000E\000T\000L\000\040\162\266\140\001\147\072}{section.11}% 24
\BOOKMARK [2][-]{subsection.11.3}{\376\377\162\110\147\054\123\026\121\145\136\223}{section.11}% 25
\BOOKMARK [2][-]{subsection.11.4}{\376\377\122\007\162\107\173\126\165\145}{section.11}% 26
\BOOKMARK [1][-]{section.12}{\376\377\150\300\175\042\224\376\215\357}{}% 27
\BOOKMARK [2][-]{subsection.12.1}{\376\377\000H\000y\000b\000r\000i\000d\000S\000e\000a\000r\000c\000h\000S\000e\000r\000v\000i\000c\000e}{section.12}% 28
\BOOKMARK [2][-]{subsection.12.2}{\376\377\000R\000R\000F\000\040\207\215\124\010}{section.12}% 29
\BOOKMARK [2][-]{subsection.12.3}{\376\377\000R\000e\000r\000a\000n\000k\000\040\124\214\213\301\143\156\225\350\143\247}{section.12}% 30
\BOOKMARK [1][-]{section.13}{\376\377\000R\000A\000G\000\040\225\356\173\124\224\376\215\357}{}% 31
\BOOKMARK [2][-]{subsection.13.1}{\376\377\000C\000o\000n\000v\000e\000r\000s\000a\000t\000i\000o\000n\000C\000o\000n\000t\000r\000o\000l\000l\000e\000r\000\040\122\060\000\040\000R\000a\000g\000P\000i\000p\000e\000l\000i\000n\000e}{section.13}% 32
\BOOKMARK [2][-]{subsection.13.2}{\376\377\000R\000a\000g\000P\000i\000p\000e\000l\000i\000n\000e\000\040\120\132\116\300\116\110}{section.13}% 33
\BOOKMARK [2][-]{subsection.13.3}{\376\377\213\301\143\156\176\304\124\010}{section.13}% 34
\BOOKMARK [1][-]{section.14}{\376\377\000S\000S\000E\000\040\155\101\137\017\217\223\121\372}{}% 35
\BOOKMARK [1][-]{section.15}{\376\377\145\160\143\156\136\223\152\041\127\213}{}% 36
\BOOKMARK [2][-]{subsection.15.1}{\376\377\150\070\137\303\210\150}{section.15}% 37
\BOOKMARK [2][-]{subsection.15.2}{\376\377\213\373\210\150\142\200\135\347}{section.15}% 38
\BOOKMARK [1][-]{section.16}{\376\377\145\207\116\366\122\006\147\220\124\214\142\245\124\112}{}% 39
\BOOKMARK [1][-]{section.17}{\376\377\122\115\124\016\172\357\000\040\000A\000P\000I\000\040\133\371\161\147}{}% 40
\BOOKMARK [1][-]{section.18}{\376\377\133\211\121\150\213\276\213\241\124\214\122\151\117\131\230\316\226\151}{}% 41
\BOOKMARK [2][-]{subsection.18.1}{\376\377\135\362\121\167\131\007\166\204\133\211\121\150\160\271}{section.18}% 42
\BOOKMARK [2][-]{subsection.18.2}{\376\377\227\000\211\201\176\347\176\355\122\240\126\372\166\204\160\271}{section.18}% 43
\BOOKMARK [1][-]{section.19}{\376\377\220\350\177\162\164\006\211\343}{}% 44
\BOOKMARK [2][-]{subsection.19.1}{\376\377\000S\000t\000a\000n\000d\000a\000l\000o\000n\000e}{section.19}% 45
\BOOKMARK [2][-]{subsection.19.2}{\376\377\000D\000o\000c\000k\000e\000r\000\040\000C\000o\000m\000p\000o\000s\000e}{section.19}% 46
\BOOKMARK [1][-]{section.20}{\376\377\135\345\172\013\232\214\213\301}{}% 47
\BOOKMARK [1][-]{section.21}{\376\377\145\260\142\113\116\214\153\041\137\000\123\321\215\357\176\277}{}% 48
\BOOKMARK [2][-]{subsection.21.1}{\376\377\122\240\116\000\116\052\146\156\220\032\230\165\227\142}{section.21}% 49
\BOOKMARK [2][-]{subsection.21.2}{\376\377\122\240\116\000\116\052\145\260\145\207\150\143\150\074\137\017}{section.21}% 50
\BOOKMARK [2][-]{subsection.21.3}{\376\377\122\240\116\000\116\052\150\300\175\042\173\126\165\145}{section.21}% 51
\BOOKMARK [2][-]{subsection.21.4}{\376\377\122\240\116\000\116\052\131\047\152\041\127\213\000\040\000p\000r\000o\000v\000i\000d\000e\000r}{section.21}% 52
\BOOKMARK [1][-]{section.22}{\376\377\131\202\117\125\214\003\213\325\217\331\116\052\230\171\166\356}{}% 53
\BOOKMARK [2][-]{subsection.22.1}{\376\377\214\003\213\325\116\012\117\040}{section.22}% 54
\BOOKMARK [2][-]{subsection.22.2}{\376\377\214\003\213\325\225\356\173\124}{section.22}% 55
\BOOKMARK [2][-]{subsection.22.3}{\376\377\214\003\213\325\122\115\172\357}{section.22}% 56
\BOOKMARK [1][-]{section.23}{\376\377\213\373\133\214\124\016\166\204\143\214\143\341\150\007\121\306}{}% 57
\BOOKMARK [1][-]{section.24}{\376\377\176\323\213\355}{}% 58
